// Jest Snapshot v1, https://goo.gl/fbAQLP

exports[`MostLoanedDocumentsList tests should load the component 1`] = `
<Grid
  columns={1}
>
  <GridColumn>
    <Header
      as="h3"
    >
      Pick range of dates
      <HeaderSubheader>
        Choose between which dates to search the most loaned documents
      </HeaderSubheader>
    </Header>
    <List
      horizontal={true}
    >
      <ListItem>
        <ListContent>
          <Overridable(DatePicker)
            handleDateChange={[Function]}
            maxDate=""
            placeholder="From Date"
          />
        </ListContent>
      </ListItem>
      <ListItem>
        <ListContent>
          <Overridable(DatePicker)
            handleDateChange={[Function]}
            minDate=""
            placeholder="To Date"
          />
        </ListContent>
      </ListItem>
    </List>
  </GridColumn>
  <GridColumn>
    <Grid
      columns={2}
    >
      <GridColumn>
        <Header
          as="h3"
        >
          Most Loaned Documents
          <HeaderSubheader>
            Showing the 0 most checked-out documents.
          </HeaderSubheader>
        </Header>
      </GridColumn>
      <GridColumn
        textAlign="right"
      >
        <ExportSearchResults
          onExportClick={[Function]}
        />
      </GridColumn>
    </Grid>
  </GridColumn>
  <GridColumn>
    <Overridable(Loader)
      isLoading={false}
    >
      <Error
        FallbackComponent={[Function]}
        boundary={false}
        error={null}
        onUIError={null}
      >
        <SearchResultsList
          ListEntryElement={[Function]}
          renderMiddleColumn={[Function]}
          results={Array []}
        />
      </Error>
    </Overridable(Loader)>
  </GridColumn>
</Grid>
`;
