// Jest Snapshot v1, https://goo.gl/fbAQLP

exports[`SeriesCard tests should go to book details when clicking on a book 1`] = `
<SeriesCard
  data={
    Object {
      "metadata": Object {
        "$schema": "https://127.0.0.1:5000/schemas/series/series-v1.0.0.json",
        "abstract": "This is a multipart monograph",
        "authors": Array [
          "Author1",
          "Author2",
        ],
        "edition": "12",
        "mode_of_issuance": "SERIAL",
        "pid": "serid-1",
        "title": "Lorem",
      },
    }
  }
  volume={null}
>
  <Card
    centered={true}
    className="fs-book-card"
    data-test="serid-1"
    link={true}
    onClick={[Function]}
  >
    <a
      className="ui centered link card fs-book-card"
      data-test="serid-1"
      onClick={[Function]}
    >
      <CardMeta
        className="discrete"
      >
        <div
          className="meta discrete"
        >
          SERIES
        </div>
      </CardMeta>
      <Overridable(LiteratureCover)
        size="small"
      >
        <LiteratureCover
          asItem={false}
          isLoading={false}
          isRestricted={false}
          linkTo={null}
          size="small"
          url={null}
        >
          <Overridable
            asItem={false}
            id="LiteratureCover.layout"
            isLoading={false}
            isRestricted={false}
            linkTo={null}
            size="small"
            url={null}
          >
            <Image
              as="img"
              centered={true}
              className="image-cover"
              disabled={false}
              label={null}
              onError={[Function]}
              size="small"
              src={null}
              ui={true}
            >
              <img
                className="ui small centered image image-cover"
                onError={[Function]}
                src={null}
              />
            </Image>
          </Overridable>
        </LiteratureCover>
      </Overridable(LiteratureCover)>
      <CardContent>
        <div
          className="content"
        >
          <CardHeader>
            <div
              className="header"
            >
              <Overridable(LiteratureTitle)
                title="Lorem"
              >
                <LiteratureTitle
                  edition={null}
                  publicationYear={null}
                  title="Lorem"
                  truncate={true}
                  truncateLines={2}
                  truncateWidth={null}
                  volume={null}
                >
                  <Truncate
                    lines={2}
                    width={null}
                  >
                    <span
                      style={
                        Object {
                          "WebkitBoxOrient": "vertical",
                          "WebkitLineClamp": 2,
                          "display": "-webkit-box",
                          "overflow": "hidden",
                          "textOverflow": "ellipsis",
                          "whiteSpace": "normal",
                        }
                      }
                    >
                      Lorem
                       
                    </span>
                  </Truncate>
                </LiteratureTitle>
              </Overridable(LiteratureTitle)>
            </div>
          </CardHeader>
          <CardMeta>
            <div
              className="meta"
            >
              <div
                className="default-margin-bottom"
              >
                <Truncate
                  lines={1}
                  width={null}
                >
                  <span
                    style={
                      Object {
                        "WebkitBoxOrient": "vertical",
                        "WebkitLineClamp": 1,
                        "display": "-webkit-box",
                        "overflow": "hidden",
                        "textOverflow": "ellipsis",
                        "whiteSpace": "normal",
                      }
                    }
                  >
                    <div>
                      Author1; Author2
                    </div>
                  </span>
                </Truncate>
              </div>
              <div>
                Edition 
                12
              </div>
            </div>
          </CardMeta>
        </div>
      </CardContent>
    </a>
  </Card>
</SeriesCard>
`;

exports[`SeriesCard tests should render the SeriesCard 1`] = `
<SeriesCard
  data={
    Object {
      "metadata": Object {
        "$schema": "https://127.0.0.1:5000/schemas/series/series-v1.0.0.json",
        "abstract": "This is a multipart monograph",
        "authors": Array [
          "Author1",
          "Author2",
        ],
        "edition": "12",
        "mode_of_issuance": "SERIAL",
        "pid": "serid-1",
        "title": "Lorem",
      },
    }
  }
  volume={null}
>
  <Card
    centered={true}
    className="fs-book-card"
    data-test="serid-1"
    link={true}
    onClick={[Function]}
  >
    <a
      className="ui centered link card fs-book-card"
      data-test="serid-1"
      onClick={[Function]}
    >
      <CardMeta
        className="discrete"
      >
        <div
          className="meta discrete"
        >
          SERIES
        </div>
      </CardMeta>
      <Overridable(LiteratureCover)
        size="small"
      >
        <LiteratureCover
          asItem={false}
          isLoading={false}
          isRestricted={false}
          linkTo={null}
          size="small"
          url={null}
        >
          <Overridable
            asItem={false}
            id="LiteratureCover.layout"
            isLoading={false}
            isRestricted={false}
            linkTo={null}
            size="small"
            url={null}
          >
            <Image
              as="img"
              centered={true}
              className="image-cover"
              disabled={false}
              label={null}
              onError={[Function]}
              size="small"
              src={null}
              ui={true}
            >
              <img
                className="ui small centered image image-cover"
                onError={[Function]}
                src={null}
              />
            </Image>
          </Overridable>
        </LiteratureCover>
      </Overridable(LiteratureCover)>
      <CardContent>
        <div
          className="content"
        >
          <CardHeader>
            <div
              className="header"
            >
              <Overridable(LiteratureTitle)
                title="Lorem"
              >
                <LiteratureTitle
                  edition={null}
                  publicationYear={null}
                  title="Lorem"
                  truncate={true}
                  truncateLines={2}
                  truncateWidth={null}
                  volume={null}
                >
                  <Truncate
                    lines={2}
                    width={null}
                  >
                    <span
                      style={
                        Object {
                          "WebkitBoxOrient": "vertical",
                          "WebkitLineClamp": 2,
                          "display": "-webkit-box",
                          "overflow": "hidden",
                          "textOverflow": "ellipsis",
                          "whiteSpace": "normal",
                        }
                      }
                    >
                      Lorem
                       
                    </span>
                  </Truncate>
                </LiteratureTitle>
              </Overridable(LiteratureTitle)>
            </div>
          </CardHeader>
          <CardMeta>
            <div
              className="meta"
            >
              <div
                className="default-margin-bottom"
              >
                <Truncate
                  lines={1}
                  width={null}
                >
                  <span
                    style={
                      Object {
                        "WebkitBoxOrient": "vertical",
                        "WebkitLineClamp": 1,
                        "display": "-webkit-box",
                        "overflow": "hidden",
                        "textOverflow": "ellipsis",
                        "whiteSpace": "normal",
                      }
                    }
                  >
                    <div>
                      Author1; Author2
                    </div>
                  </span>
                </Truncate>
              </div>
              <div>
                Edition 
                12
              </div>
            </div>
          </CardMeta>
        </div>
      </CardContent>
    </a>
  </Card>
</SeriesCard>
`;
