// Jest Snapshot v1, https://goo.gl/fbAQLP

exports[`should render correctly 1`] = `
<DocumentFragment>
  <div
    class="item"
  >
    <a
      class="left floated image"
      href="/series/serid-1"
    >
      <img
        class="ui small centered image image-cover"
      />
    </a>
    <div
      class="content"
    >
      <div
        class="meta"
      >
        SERIES
      </div>
      <a
        class="header"
        href="/series/serid-1"
      >
        <span
          style="overflow: hidden; text-overflow: ellipsis; display: -webkit-box; white-space: normal;"
        >
          The Gulf: The Making of An American Sea 
        </span>
      </a>
      <div
        class="meta"
      >
        <div
          class="document-authors-list-wrapper"
        >
          by 
          <div
            class="ui horizontal list document-authors-list"
            role="list"
          >
            <div
              class="item"
              role="listitem"
            >
              Einstein, Albert; 
            </div>
            <div
              class="item"
              role="listitem"
            >
              Stachel, John J et al.
            </div>
          </div>
        </div>
      </div>
      <div
        class="description"
      >
        <span
          style="overflow: hidden; text-overflow: ellipsis; display: -webkit-box; white-space: normal;"
        >
          This is a multipart monograph
        </span>
      </div>
      <div
        class="meta"
      >
        <div
          class="ui grid"
        >
          <div
            class="four wide column"
          >
            <div
              class="ui list"
              role="list"
            >
              <div
                class="item"
                role="listitem"
              >
                <div
                  class="content"
                >
                  <span>
                    Languages: 
                  </span>
                </div>
              </div>
            </div>
          </div>
        </div>
      </div>
      <div
        class="extra"
      />
    </div>
  </div>
</DocumentFragment>
`;
