// Jest Snapshot v1, https://goo.gl/fbAQLP

exports[`SearchControls tests should load the SearchControls component 1`] = `
<Fragment>
  <Responsive
    getWidth={[Function]}
    minWidth={992}
  >
    <Grid
      className="search-controls"
      columns={3}
    >
      <GridColumn
        computer={5}
        largeScreen={5}
      >
        <Grid
          columns={2}
        >
          <GridColumn
            className="layout-switcher"
            width={6}
          >
            <Connect(Overridable(LayoutSwitcher))
              defaultLayout="grid"
            />
          </GridColumn>
          <GridColumn
            width={10}
          >
            <Connect(Overridable(Count))
              label={[Function]}
            />
            <SearchResultsPerPage
              modelName="DOCUMENTS"
            />
          </GridColumn>
        </Grid>
      </GridColumn>
      <GridColumn
        className="search-pagination-column"
        computer={6}
        largeScreen={6}
        textAlign="center"
      >
        <Responsive
          getWidth={[Function]}
          minWidth={1200}
        >
          <SearchPagination />
        </Responsive>
      </GridColumn>
      <GridColumn
        className="search-sort-options-column"
        computer={5}
        largeScreen={5}
        textAlign="right"
      >
        <div
          className="sort-by-filters"
        >
          <SearchSortBy
            modelName="DOCUMENTS"
          />
        </div>
      </GridColumn>
    </Grid>
  </Responsive>
  <Responsive
    getWidth={[Function]}
    maxWidth={1199}
  >
    <Grid>
      <GridColumn
        textAlign="center"
        width={16}
      >
        <SearchPagination />
      </GridColumn>
    </Grid>
  </Responsive>
  <Responsive
    getWidth={[Function]}
    maxWidth={991}
  >
    <SearchControlsMobile
      modelName="DOCUMENTS"
      stickyRef={null}
    />
  </Responsive>
</Fragment>
`;
