// Jest Snapshot v1, https://goo.gl/fbAQLP

exports[`ProvidersSearch ResultsTable tests should not render when empty results 1`] = `
<ResultsTable
  columns={Array []}
  currentPage={1}
  data={Array []}
  fixed={false}
  headerActionComponent={null}
  name=""
  paginationComponent={null}
  renderEmptyResultsElement={null}
  seeAllComponent={null}
  showAllResults={false}
  showFooterSummary={true}
  showMaxRows={15}
  singleLine={true}
  subtitle=""
  title=""
  totalHitsCount={0}
>
  <Message
    data-test="no-results"
    icon={true}
    info={true}
  >
    <div
      className="ui icon info message"
      data-test="no-results"
    >
      <MessageContent>
        <div
          className="content"
        >
          <MessageHeader>
            <div
              className="header"
            >
              No results found
            </div>
          </MessageHeader>
          There are no 
          .
        </div>
      </MessageContent>
    </div>
  </Message>
</ResultsTable>
`;

exports[`ProvidersSearch ResultsTable tests should render a list of results 1`] = `
<ResultsTable
  columns={
    Array [
      Object {
        "field": "",
        "formatter": [Function],
        "title": "view",
      },
      Object {
        "field": "metadata.name",
        "title": "Name",
      },
    ]
  }
  currentPage={1}
  data={
    Array [
      Object {
        "metadata": Object {
          "name": "Store 1",
          "pid": "acq-provid-1",
          "type": "VENDOR",
        },
        "pid": "acq-provid-1",
      },
      Object {
        "metadata": Object {
          "name": "Store 2",
          "pid": "acq-provid-2",
          "type": "VENDOR",
        },
        "pid": "acq-provid-2",
      },
    ]
  }
  fixed={false}
  headerActionComponent={null}
  name=""
  paginationComponent={null}
  renderEmptyResultsElement={null}
  seeAllComponent={null}
  showAllResults={false}
  showFooterSummary={true}
  showMaxRows={15}
  singleLine={true}
  subtitle=""
  title=""
  totalHitsCount={0}
>
  <Table
    as="table"
    compact={true}
    fixed={false}
    name=""
    selectable={true}
    singleLine={true}
    striped={true}
    subtitle=""
    title=""
    unstackable={true}
  >
    <table
      className="ui selectable single line striped unstackable compact table"
      name=""
      subtitle=""
      title=""
    >
      <ResultsTableHeader
        columns={
          Array [
            Object {
              "field": "",
              "formatter": [Function],
              "title": "view",
            },
            Object {
              "field": "metadata.name",
              "title": "Name",
            },
          ]
        }
      >
        <TableHeader
          as="thead"
        >
          <thead
            className=""
          >
            <TableRow
              as="tr"
              cellAs="td"
              data-test="header"
            >
              <tr
                className=""
                data-test="header"
              >
                <TableHeaderCell
                  as="th"
                  key="view"
                >
                  <TableCell
                    as="th"
                    className=""
                  >
                    <th
                      className=""
                    >
                      view
                    </th>
                  </TableCell>
                </TableHeaderCell>
                <TableHeaderCell
                  as="th"
                  key="Name"
                >
                  <TableCell
                    as="th"
                    className=""
                  >
                    <th
                      className=""
                    >
                      Name
                    </th>
                  </TableCell>
                </TableHeaderCell>
              </tr>
            </TableRow>
          </thead>
        </TableHeader>
      </ResultsTableHeader>
      <ResultsTableBody
        columns={
          Array [
            Object {
              "field": "",
              "formatter": [Function],
              "title": "view",
            },
            Object {
              "field": "metadata.name",
              "title": "Name",
            },
          ]
        }
        rows={
          Array [
            Object {
              "metadata": Object {
                "name": "Store 1",
                "pid": "acq-provid-1",
                "type": "VENDOR",
              },
              "pid": "acq-provid-1",
            },
            Object {
              "metadata": Object {
                "name": "Store 2",
                "pid": "acq-provid-2",
                "type": "VENDOR",
              },
              "pid": "acq-provid-2",
            },
          ]
        }
      >
        <TableBody
          as="tbody"
        >
          <tbody
            className=""
          >
            <TableRow
              as="tr"
              cellAs="td"
              data-test="acq-provid-1"
              key="acq-provid-1"
            >
              <tr
                className=""
                data-test="acq-provid-1"
              >
                <TableCell
                  as="td"
                  data-label="view"
                  data-test="0-acq-provid-1"
                  key="0-acq-provid-1"
                >
                  <td
                    className=""
                    data-label="view"
                    data-test="0-acq-provid-1"
                  >
                    <Button
                      as="button"
                      onClick={[MockFunction]}
                    >
                      <Ref
                        innerRef={
                          Object {
                            "current": <button
                              class="ui button"
                            >
                              View
                            </button>,
                          }
                        }
                      >
                        <RefFindNode
                          innerRef={
                            Object {
                              "current": <button
                                class="ui button"
                              >
                                View
                              </button>,
                            }
                          }
                        >
                          <button
                            className="ui button"
                            onClick={[Function]}
                          >
                            View
                          </button>
                        </RefFindNode>
                      </Ref>
                    </Button>
                  </td>
                </TableCell>
                <TableCell
                  as="td"
                  data-label="Name"
                  data-test="1-acq-provid-1"
                  key="1-acq-provid-1"
                >
                  <td
                    className=""
                    data-label="Name"
                    data-test="1-acq-provid-1"
                  >
                    Store 1
                  </td>
                </TableCell>
              </tr>
            </TableRow>
            <TableRow
              as="tr"
              cellAs="td"
              data-test="acq-provid-2"
              key="acq-provid-2"
            >
              <tr
                className=""
                data-test="acq-provid-2"
              >
                <TableCell
                  as="td"
                  data-label="view"
                  data-test="0-acq-provid-2"
                  key="0-acq-provid-2"
                >
                  <td
                    className=""
                    data-label="view"
                    data-test="0-acq-provid-2"
                  >
                    <Button
                      as="button"
                      onClick={[MockFunction]}
                    >
                      <Ref
                        innerRef={
                          Object {
                            "current": <button
                              class="ui button"
                            >
                              View
                            </button>,
                          }
                        }
                      >
                        <RefFindNode
                          innerRef={
                            Object {
                              "current": <button
                                class="ui button"
                              >
                                View
                              </button>,
                            }
                          }
                        >
                          <button
                            className="ui button"
                            onClick={[Function]}
                          >
                            View
                          </button>
                        </RefFindNode>
                      </Ref>
                    </Button>
                  </td>
                </TableCell>
                <TableCell
                  as="td"
                  data-label="Name"
                  data-test="1-acq-provid-2"
                  key="1-acq-provid-2"
                >
                  <td
                    className=""
                    data-label="Name"
                    data-test="1-acq-provid-2"
                  >
                    Store 2
                  </td>
                </TableCell>
              </tr>
            </TableRow>
          </tbody>
        </TableBody>
      </ResultsTableBody>
      <ResultsTableFooter
        allRowsNumber={2}
        columnsNumber={2}
        currentPage={1}
        paginationComponent={null}
        seeAllComponent={null}
        showAllResults={false}
        showFooterSummary={true}
        showMaxRows={15}
      />
    </table>
  </Table>
</ResultsTable>
`;
