// Jest Snapshot v1, https://goo.gl/fbAQLP

exports[`SeriesLiteratureSearch tests should load the SeriesLiteratureSearch component 1`] = `
<DocumentFragment>
  <div
    class="ui horizontal divider"
  >
    Volumes in this series
  </div>
  <div
    class="ui container series-details-search-container"
  >
    <div
      class="ui big fluid action input  ils-searchbar"
    >
      <input
        placeholder="Search for volumes or issues..."
        type="text"
        value=""
      />
      <button
        class="ui icon button"
      >
        <i
          aria-hidden="true"
          class="search icon"
        />
      </button>
    </div>
  </div>
  <div
    class="fresnel-container fresnel-greaterThanOrEqual-computer "
  >
    <div
      class="ui huge active centered inline loader"
    />
  </div>
  <div
    class="fresnel-container fresnel-lessThan-computer "
  >
    <div
      class="ui fluid container grid-documents-search"
    >
      <div
        class="ui huge active centered inline loader"
      />
    </div>
  </div>
</DocumentFragment>
`;
