// Jest Snapshot v1, https://goo.gl/fbAQLP

exports[`SeriesDetailsContainer tests should load the details component 1`] = `
<SeriesDetails
  fetchSeriesDetails={[Function]}
  history={
    Object {
      "listen": [Function],
    }
  }
  match={
    Object {
      "params": Object {
        "seriesPid": 111,
      },
    }
  }
  series={
    Object {
      "metadata": Object {
        "$schema": "https://127.0.0.1:5000/schemas/series/series-v1.0.0.json",
        "abstract": "This is a multipart monograph",
        "authors": Array [
          "Einstein, Albert",
          "Stachel, John J et al.",
        ],
        "mode_of_issuance": "MULTIPART_MONOGRAPH",
        "pid": "serid-1",
        "title": "The Gulf: The Making of An American Sea",
      },
    }
  }
/>
`;
