// Jest Snapshot v1, https://goo.gl/fbAQLP

exports[`DocumentCirculation tests should load the DocumentCirculation component 1`] = `
<DocumentFragment>
  <div
    class="ui middle aligned list document-circulation"
    role="list"
  >
    <div
      class="item"
      role="listitem"
    >
      <div
        class="right floated content"
      >
        <strong>
          2
        </strong>
      </div>
      <div
        class="content"
      >
        total physical copies
      </div>
    </div>
    <div
      class="item"
      role="listitem"
    >
      <div
        class="right floated content"
      >
        <strong>
          2
        </strong>
      </div>
      <div
        class="content"
      >
        available copies for loan
      </div>
    </div>
    <div
      class="item"
      role="listitem"
    >
      <div
        class="right floated content"
      >
        <strong />
      </div>
      <div
        class="content"
      >
        active loans
      </div>
    </div>
    <div
      class="item"
      role="listitem"
    >
      <div
        class="right floated content"
      >
        <strong />
      </div>
      <div
        class="content"
      >
        loan requests
      </div>
    </div>
    <div
      class="item"
      role="listitem"
    >
      <div
        class="right floated content"
      >
        <i
          aria-hidden="true"
          class="green minus small icon"
        />
      </div>
      <div
        class="content"
      >
        overbooked
      </div>
    </div>
  </div>
</DocumentFragment>
`;
